// Jest Snapshot v1, https://goo.gl/fbAQLP

exports[`Banner Should match snapshot 1`] = `
<div>
  <div
    class="css-jrj1g6"
    data-testid="banner-box"
  >
    <div
      class="chakra-container css-dao7be"
    >
      <div
        class="chakra-stack css-lkfci8"
      >
        <p
          class="chakra-text css-tnh8y4"
          data-testid="banner-text"
        >
          Milhões de filmes, séries e pessoas para descobrir. Explore já.
        </p>
      </div>
    </div>
  </div>
</div>
`;
