// Jest Snapshot v1, https://goo.gl/fbAQLP

exports[`Header Should match snapshot 1`] = `
<div>
  <div
    class="css-1x3bh1w"
    data-testid="header-box"
  >
    <div
      class="chakra-container css-zmt2a7"
      data-testid="header-container"
    >
      <img
        alt="Logo"
        aria-label="Logo"
        class="chakra-image css-0"
        data-testid="header-logo"
      />
    </div>
  </div>
</div>
`;
