// Jest Snapshot v1, https://goo.gl/fbAQLP

exports[`MovieCard Should match snapshot 1`] = `
<div>
  <div
    class="css-9jm09p"
  >
    <a
      href="/details/1"
    >
      <div
        class="chakra-skeleton css-218kxs"
      />
      <p
        class="chakra-text css-1ara00f"
        data-testid="movieCard-title"
      >
        Mortal Kombat
      </p>
      <p
        class="chakra-text css-1hqom77"
        data-testid="movieCard-year"
      >
        2021
      </p>
    </a>
  </div>
  <span
    hidden=""
    id="__chakra_env"
  />
</div>
`;
