// Jest Snapshot v1, https://goo.gl/fbAQLP

exports[`Pagination Should match snapshot 1`] = `
<div>
  <div
    class="chakra-stack css-z38eug"
    data-testid="pagination-stack"
  >
    <button
      class="chakra-button css-4xx2wk"
      data-testid="pagination-first-page"
      type="button"
    >
      Primeira
    </button>
    <button
      class="chakra-button css-4xx2wk"
      type="button"
    >
      &lt;
    </button>
    <div
      class="chakra-stack css-1igwmid"
      data-testid="pagination-pages"
    >
      <button
        aria-labelledby="Ir para a página"
        class="chakra-button css-ljn2h4"
        type="button"
      >
        3
      </button>
      <button
        aria-labelledby="Ir para a página"
        class="chakra-button css-ljn2h4"
        type="button"
      >
        4
      </button>
      <button
        aria-labelledby="Ir para a página"
        class="chakra-button css-1etlj6"
        type="button"
      >
        5
      </button>
      <button
        aria-labelledby="Ir para a página"
        class="chakra-button css-ljn2h4"
        type="button"
      >
        6
      </button>
      <button
        aria-labelledby="Ir para a página"
        class="chakra-button css-ljn2h4"
        type="button"
      >
        7
      </button>
    </div>
    <button
      class="chakra-button css-4xx2wk"
      type="button"
    >
      &gt;
    </button>
    <button
      class="chakra-button css-4xx2wk"
      data-testid="pagination-last-page"
      type="button"
    >
      Última
    </button>
  </div>
</div>
`;
